../Src/ansi.c:15:19:get_terminfo	4	static
../Src/ansi.c:24:5:read_uart_timeout_breakchar	40	static
../Src/ansi.c:43:6:init_term	56	static
../Src/ansi.c:89:6:fgcolor	24	static
../Src/ansi.c:110:6:bgcolor	16	static
../Src/ansi.c:133:6:color	24	static
../Src/ansi.c:144:6:resetbgcolor	8	static
../Src/ansi.c:150:6:clrscr	8	static
../Src/ansi.c:155:6:hide_cursor	16	static
../Src/ansi.c:160:6:underline	16	static
../Src/ansi.c:165:6:blink	16	static
../Src/ansi.c:170:6:inverse	16	static
../Src/ansi.c:175:6:gotoxy	16	static
../Src/ansi.c:216:6:window	56	dynamic
